I'm sorry, but errors were detected in your script. Please correct the
errors listed below, and try again.


File "game/scripts/script.rpy", line 6468: Line is followed by a block, despite not being a menu choice. Did you forget a colon at the end of the line?
    "Long enough to know what I need from people."
                                                  ^

File "game/scripts/script.rpy", line 6484: Line is followed by a block, despite not being a menu choice. Did you forget a colon at the end of the line?
    "I am not."
               ^

File "game/scripts/script.rpy", line 6508: Line is followed by a block, despite not being a menu choice. Did you forget a colon at the end of the line?
    "She will understand it when she needs it."
                                               ^

File "game/scripts/script.rpy", line 6525: Line is followed by a block, despite not being a menu choice. Did you forget a colon at the end of the line?
    "Potential. Someone with something to prove."
                                                 ^

File "game/scripts/script.rpy", line 6552: Line is followed by a block, despite not being a menu choice. Did you forget a colon at the end of the line?
    "And did you?"
                  ^

File "game/scripts/script.rpy", line 6572: Line is followed by a block, despite not being a menu choice. Did you forget a colon at the end of the line?
    "To see how my workers are progressing."
                                            ^

File "game/scripts/script.rpy", line 6624: end of line expected.
    player "The library is better stocked than I expected for a place this size.":
                                                                                 ^

File "game/scripts/script.rpy", line 6661: end of line expected.
    player "Your students seem to respect you. Not just obey you.":
                                                                  ^

File "game/scripts/script.rpy", line 6698: end of line expected.
    player "Ask if she ever gets tired of it.":
                                              ^

Ren'Py Version: Ren'Py 8.3.7.25031702
Fri Feb 27 03:47:23 2026
